// Jest Snapshot v1, https://goo.gl/fbAQLP

exports[`App should render and have correct state 1`] = `
<div>
  <Title />
  <ReviewSummary
    average={3}
    onButtonClick={[Function]}
    post={[Function]}
    reviewTotal={3}
    showForm={false}
    stars={
      Object {
        "1": 1,
        "2": 0,
        "3": 1,
        "4": 0,
        "5": 1,
      }
    }
  />
  <FilterContainer
    handleRatingSelection={[Function]}
    starSortFunc={[Function]}
    timeSortFunc={[Function]}
  />
  <ReviewList
    reviews={
      Array [
        Object {
          "body": "body3",
          "date": 30,
          "score": 3,
          "title": "title3",
          "username": "username3",
        },
        Object {
          "body": "body2",
          "date": 20,
          "score": 5,
          "title": "title2",
          "username": "2",
        },
        Object {
          "body": "body1",
          "date": 10,
          "score": 1,
          "title": "title1",
          "username": "username1",
        },
      ]
    }
  />
</div>
`;

exports[`App should sort review by star or date 1`] = `
<div>
  <div>
    <h1>
      Reviews
    </h1>
  </div>
  <div>
    <div>
      <div>
        <div
          className="star-ratings"
          style={
            Object {
              "boxSizing": "border-box",
              "display": "inline-block",
              "position": "relative",
            }
          }
          title="3 Stars"
        >
          <svg
            className="star-grad"
            style={
              Object {
                "height": "0",
                "position": "absolute",
                "visibility": "hidden",
                "width": "0",
                "zIndex": "0",
              }
            }
          >
            <defs>
              <linearGradient
                id="starGrad147098523954110"
                x1="0%"
                x2="100%"
                y1="0%"
                y2="0%"
              >
                <stop
                  className="stop-color-first"
                  offset="0%"
                  style={
                    Object {
                      "stopColor": "black",
                      "stopOpacity": "1",
                    }
                  }
                />
                <stop
                  className="stop-color-first"
                  offset="0%"
                  style={
                    Object {
                      "stopColor": "black",
                      "stopOpacity": "1",
                    }
                  }
                />
                <stop
                  className="stop-color-final"
                  offset="0%"
                  style={
                    Object {
                      "stopColor": "rgb(203, 211, 227)",
                      "stopOpacity": "1",
                    }
                  }
                />
                <stop
                  className="stop-color-final"
                  offset="100%"
                  style={
                    Object {
                      "stopColor": "rgb(203, 211, 227)",
                      "stopOpacity": "1",
                    }
                  }
                />
              </linearGradient>
            </defs>
          </svg>
          <div
            className="star-container"
            onClick={null}
            onMouseEnter={null}
            onMouseLeave={null}
            style={
              Object {
                "cursor": undefined,
                "display": "inline-block",
                "paddingLeft": undefined,
                "paddingRight": "0px",
                "position": "relative",
                "verticalAlign": "middle",
              }
            }
          >
            <svg
              className="widget-svg"
              style={
                Object {
                  "height": "24px",
                  "transform": undefined,
                  "transition": "transform .2s ease-in-out",
                  "width": "24px",
                }
              }
              viewBox="0 0 51 48"
            >
              <path
                className="star"
                d="m25,1 6,17h18l-14,11 5,17-15-10-15,10 5-17-14-11h18z"
                style={
                  Object {
                    "fill": "black",
                    "transition": "fill .2s ease-in-out",
                  }
                }
              />
            </svg>
          </div>
          <div
            className="star-container"
            onClick={null}
            onMouseEnter={null}
            onMouseLeave={null}
            style={
              Object {
                "cursor": undefined,
                "display": "inline-block",
                "paddingLeft": "0px",
                "paddingRight": "0px",
                "position": "relative",
                "verticalAlign": "middle",
              }
            }
          >
            <svg
              className="widget-svg"
              style={
                Object {
                  "height": "24px",
                  "transform": undefined,
                  "transition": "transform .2s ease-in-out",
                  "width": "24px",
                }
              }
              viewBox="0 0 51 48"
            >
              <path
                className="star"
                d="m25,1 6,17h18l-14,11 5,17-15-10-15,10 5-17-14-11h18z"
                style={
                  Object {
                    "fill": "black",
                    "transition": "fill .2s ease-in-out",
                  }
                }
              />
            </svg>
          </div>
          <div
            className="star-container"
            onClick={null}
            onMouseEnter={null}
            onMouseLeave={null}
            style={
              Object {
                "cursor": undefined,
                "display": "inline-block",
                "paddingLeft": "0px",
                "paddingRight": "0px",
                "position": "relative",
                "verticalAlign": "middle",
              }
            }
          >
            <svg
              className="widget-svg"
              style={
                Object {
                  "height": "24px",
                  "transform": undefined,
                  "transition": "transform .2s ease-in-out",
                  "width": "24px",
                }
              }
              viewBox="0 0 51 48"
            >
              <path
                className="star"
                d="m25,1 6,17h18l-14,11 5,17-15-10-15,10 5-17-14-11h18z"
                style={
                  Object {
                    "fill": "black",
                    "transition": "fill .2s ease-in-out",
                  }
                }
              />
            </svg>
          </div>
          <div
            className="star-container"
            onClick={null}
            onMouseEnter={null}
            onMouseLeave={null}
            style={
              Object {
                "cursor": undefined,
                "display": "inline-block",
                "paddingLeft": "0px",
                "paddingRight": "0px",
                "position": "relative",
                "verticalAlign": "middle",
              }
            }
          >
            <svg
              className="widget-svg"
              style={
                Object {
                  "height": "24px",
                  "transform": undefined,
                  "transition": "transform .2s ease-in-out",
                  "width": "24px",
                }
              }
              viewBox="0 0 51 48"
            >
              <path
                className="star"
                d="m25,1 6,17h18l-14,11 5,17-15-10-15,10 5-17-14-11h18z"
                style={
                  Object {
                    "fill": "rgb(203, 211, 227)",
                    "transition": "fill .2s ease-in-out",
                  }
                }
              />
            </svg>
          </div>
          <div
            className="star-container"
            onClick={null}
            onMouseEnter={null}
            onMouseLeave={null}
            style={
              Object {
                "cursor": undefined,
                "display": "inline-block",
                "paddingLeft": "0px",
                "paddingRight": undefined,
                "position": "relative",
                "verticalAlign": "middle",
              }
            }
          >
            <svg
              className="widget-svg"
              style={
                Object {
                  "height": "24px",
                  "transform": undefined,
                  "transition": "transform .2s ease-in-out",
                  "width": "24px",
                }
              }
              viewBox="0 0 51 48"
            >
              <path
                className="star"
                d="m25,1 6,17h18l-14,11 5,17-15-10-15,10 5-17-14-11h18z"
                style={
                  Object {
                    "fill": "rgb(203, 211, 227)",
                    "transition": "fill .2s ease-in-out",
                  }
                }
              />
            </svg>
          </div>
        </div>
        (
        0
        )
      </div>
    </div>
    <div>
      <div
        className="star-overview"
      >
        <div>
          <span>
            5
             
            stars
          </span>
          <div>
            <div
              style={
                Object {
                  "width": "Infinity%",
                }
              }
            />
          </div>
          <span>
            1
          </span>
        </div>
        <div>
          <span>
            4
             
            stars
          </span>
          <div>
            <div
              style={
                Object {
                  "width": "NaN%",
                }
              }
            />
          </div>
          <span>
            0
          </span>
        </div>
        <div>
          <span>
            3
             
            stars
          </span>
          <div>
            <div
              style={
                Object {
                  "width": "Infinity%",
                }
              }
            />
          </div>
          <span>
            1
          </span>
        </div>
        <div>
          <span>
            2
             
            stars
          </span>
          <div>
            <div
              style={
                Object {
                  "width": "NaN%",
                }
              }
            />
          </div>
          <span>
            0
          </span>
        </div>
        <div>
          <span>
            1
             
            star  
          </span>
          <div>
            <div
              style={
                Object {
                  "width": "Infinity%",
                }
              }
            />
          </div>
          <span>
            1
          </span>
        </div>
      </div>
    </div>
    <div>
      <div>
        <button
          onClick={[Function]}
        >
          Write a Review
        </button>
      </div>
    </div>
  </div>
  <div>
    <div>
      <form>
        <label>
          <select
            onChange={[Function]}
            value="sort"
          >
            <option
              value="all"
            >
              Sort reviews
            </option>
            <option
              value="stars"
            >
              Star Rating
            </option>
            <option
              value="time"
            >
              Submission Time
            </option>
          </select>
        </label>
      </form>
    </div>
    <div>
      <form
        className="filter-form"
      >
        <label>
          <select
            onChange={[Function]}
          >
            <option
              value={0}
            >
              star rating
            </option>
            <option
              value={1}
            >
              One
            </option>
            <option
              value={2}
            >
              Two
            </option>
            <option
              value={3}
            >
              Three
            </option>
            <option
              value={4}
            >
              Four
            </option>
            <option
              value={5}
            >
              Five
            </option>
          </select>
        </label>
      </form>
    </div>
  </div>
  <div />
</div>
`;
