// Jest Snapshot v1, https://goo.gl/fbAQLP

exports[`Filter Reviews should render correctly 1`] = `
<form
  className="filter-form"
>
  <label>
    <select
      onChange={[Function]}
    >
      <option
        value={0}
      >
        star rating
      </option>
      <option
        value={1}
      >
        One
      </option>
      <option
        value={2}
      >
        Two
      </option>
      <option
        value={3}
      >
        Three
      </option>
      <option
        value={4}
      >
        Four
      </option>
      <option
        value={5}
      >
        Five
      </option>
    </select>
  </label>
</form>
`;
