// Jest Snapshot v1, https://goo.gl/fbAQLP

exports[`Review should render the review title 1`] = `
<div
  className="review"
>
  <div
    className="reviewRating"
  >
    5
     / 5
  </div>
  <div
    className="reviewTitle"
  >
    Title
  </div>
  <div
    className="reviewBody"
  >
    Body
  </div>
  <div
    className="reviewUsername"
  >
    Elias
  </div>
  <div
    className="reviewDate"
  >
    Mar 22, 2020
  </div>
</div>
`;
